<html>
<body>
<pre>
<h1>礦ision Build Log</h1>
<h2>Tool Versions:</h2>
IDE-Version: μVision V5.30.0.0
Copyright (C) 2020 ARM Ltd and ARM Germany GmbH. All rights reserved.
License Information: 林琉璃七彩蝶殇泪光之守护者明霞,  , LIC=TIVNB-2QR12-GKMBG-VUYWS-4PU1J-LGZ6C
 
Tool Versions:
Toolchain:       MDK-ARM Plus  Version: 5.30.0.0
Toolchain Path:  D:\keil5\ARM\ARMCC\Bin
C Compiler:      Armcc.exe V5.06 update 6 (build 750)
Assembler:       Armasm.exe V5.06 update 6 (build 750)
Linker/Locator:  ArmLink.exe V5.06 update 6 (build 750)
Library Manager: ArmAr.exe V5.06 update 6 (build 750)
Hex Converter:   FromElf.exe V5.06 update 6 (build 750)
CPU DLL:         SARMCM3.DLL V5.30.0.0
Dialog DLL:      DCM.DLL V1.17.3.0
Target DLL:      STLink\ST-LINKIII-KEIL_SWO.dll V3.0.7.0
Dialog DLL:      TCM.DLL V1.42.0.0
 
<h2>Project:</h2>
D:\林琉璃七彩蝶殇泪光之守护者明霞\创新实验室\医学电子学\体温\Temperature - 1.2\16.ADC实验\Project\STM32KeilPrj.uvprojx
Project File Date:  11/17/2024

<h2>Output:</h2>
*** Using Compiler 'V5.06 update 6 (build 750)', folder: 'D:\keil5\ARM\ARMCC\Bin'
Rebuild target 'Target 1'
compiling SendDataToHost.c...
compiling PackUnpack.c...
compiling Queue.c...
compiling ProcHostCmd.c...
compiling Wave.c...
compiling RCC.c...
compiling Timer.c...
compiling U16Queue.c...
compiling LED.c...
compiling UART1.c...
compiling OLED.c...
compiling Main.c...
compiling DAC.c...
compiling Temperature.c...
..\App\Temperature\Temperature.c(157): warning:  #177-D: variable "V_ref"  was declared but never referenced
    float V_ref; //准确的供电电压
..\App\Temperature\Temperature.c(525): warning:  #167-D: argument of type "char *" is incompatible with parameter of type "const u8 *"
    OLEDShowString(48, 16, state);
..\App\Temperature\Temperature.c(498): warning:  #177-D: variable "show_c1"  was declared but never referenced
    u32 show_c1;
..\App\Temperature\Temperature.c: 3 warnings, 0 errors
compiling ADC.c...
..\HW\ADC\ADC.c(139): warning:  #177-D: function "ConfigTimer3"  was declared but never referenced
  static void ConfigTimer3(u16 arr, u16 psc)
..\HW\ADC\ADC.c: 1 warning, 0 errors
compiling misc.c...
compiling EXTI.c...
compiling stm32f10x_flash.c...
compiling stm32f10x_gpio.c...
compiling stm32f10x_rcc.c...
compiling stm32f10x_dac.c...
compiling stm32f10x_usart.c...
compiling stm32f10x_adc.c...
compiling stm32f10x_exti.c...
compiling stm32f10x_dma.c...
compiling stm32f10x_tim.c...
assembling startup_stm32f10x_hd.s...
compiling NVIC.c...
compiling core_cm3.c...
compiling SysTick.c...
compiling stm32f10x_it.c...
compiling system_stm32f10x.c...
linking...
Program Size: Code=15848 RO-data=3024 RW-data=2736 ZI-data=2288  
FromELF: creating hex file...
".\Objects\STM32KeilPrj.axf" - 0 Error(s), 4 Warning(s).

<h2>Software Packages used:</h2>

Package Vendor: Keil
                http://www.keil.com/pack/Keil.STM32F1xx_DFP.2.3.0.pack
                Keil.STM32F1xx_DFP.2.3.0
                STMicroelectronics STM32F1 Series Device Support, Drivers and Examples

<h2>Collection of Component include folders:</h2>
  .\RTE\_Target_1
  D:\keil5\pack\Keil\STM32F1xx_DFP\2.3.0\Device\Include

<h2>Collection of Component Files used:</h2>
Build Time Elapsed:  00:00:01
</pre>
</body>
</html>
